2025-12-31 11:50:43,952 DEBUG cd todo && uv venv env --seed --python python3
2025-12-31 11:50:44,950 LOG Getting frappe
2025-12-31 11:50:44,950 DEBUG cd todo/apps && git clone https://github.com/frappe/frappe.git --branch version-15 --depth 1 --origin upstream
2025-12-31 11:50:50,400 LOG Installing frappe
2025-12-31 11:50:50,401 DEBUG cd /home/soundharya/todo && uv pip install --quiet --upgrade -e /home/soundharya/todo/apps/frappe  --python /home/soundharya/todo/env/bin/python
2025-12-31 11:50:52,508 DEBUG cd /home/soundharya/todo/apps/frappe && yarn install --check-files
2025-12-31 11:50:55,881 DEBUG cd todo && bench build
2025-12-31 11:50:55,961 INFO /home/soundharya/.local/bin/bench build
2025-12-31 11:51:08,659 LOG setting up backups
2025-12-31 11:51:08,673 LOG backups were set up
2025-12-31 11:51:08,673 INFO Bench todo initialized
2025-12-31 11:56:26,197 INFO /home/soundharya/.local/bin/bench -version
2025-12-31 11:56:39,508 INFO /home/soundharya/.local/bin/bench --version
2025-12-31 11:58:44,225 INFO /home/soundharya/.local/bin/bench new-site todo.local
2025-12-31 12:00:01,562 INFO /home/soundharya/.local/bin/bench --verbose --site all backup
2025-12-31 12:02:31,820 INFO /home/soundharya/.local/bin/bench new-app todo
2025-12-31 12:02:31,822 LOG creating new app todo
2025-12-31 12:04:08,422 LOG Installing todo
2025-12-31 12:04:08,423 DEBUG cd /home/soundharya/todo && uv pip install --quiet --upgrade -e /home/soundharya/todo/apps/todo  --python /home/soundharya/todo/env/bin/python
2025-12-31 12:04:08,660 DEBUG bench build --app todo
2025-12-31 12:04:08,742 INFO /home/soundharya/.local/bin/bench build --app todo
2025-12-31 12:05:36,320 INFO /home/soundharya/.local/bin/bench --site todo.local install-app todo
2025-12-31 12:08:57,107 INFO /home/soundharya/.local/bin/bench build
2025-12-31 12:10:59,017 INFO /home/soundharya/.local/bin/bench start
2025-12-31 12:14:19,812 INFO /home/soundharya/.local/bin/bench start
2025-12-31 12:14:20,016 INFO /home/soundharya/.local/bin/bench schedule
2025-12-31 12:14:20,026 INFO /home/soundharya/.local/bin/bench serve --port 8000
2025-12-31 12:14:20,101 INFO /home/soundharya/.local/bin/bench worker
2025-12-31 12:14:20,121 INFO /home/soundharya/.local/bin/bench watch
2025-12-31 12:17:12,227 INFO /home/soundharya/.local/bin/bench use todoo.local
2025-12-31 12:17:19,703 INFO /home/soundharya/.local/bin/bench use todo.local
2025-12-31 12:17:35,997 INFO /home/soundharya/.local/bin/bench start
2025-12-31 12:17:36,201 INFO /home/soundharya/.local/bin/bench schedule
2025-12-31 12:17:36,219 INFO /home/soundharya/.local/bin/bench worker
2025-12-31 12:17:36,269 INFO /home/soundharya/.local/bin/bench watch
2025-12-31 12:17:36,282 INFO /home/soundharya/.local/bin/bench serve --port 8000
2025-12-31 14:16:37,925 INFO /home/soundharya/.local/bin/bench start
2025-12-31 14:16:38,139 INFO /home/soundharya/.local/bin/bench serve --port 8000
2025-12-31 14:16:38,148 INFO /home/soundharya/.local/bin/bench schedule
2025-12-31 14:16:38,157 INFO /home/soundharya/.local/bin/bench watch
2025-12-31 14:16:38,172 INFO /home/soundharya/.local/bin/bench worker
2025-12-31 16:59:45,215 INFO /home/soundharya/.local/bin/bench mariadb
2025-12-31 17:07:48,677 INFO /home/soundharya/.local/bin/bench restart
2025-12-31 17:08:01,930 INFO /home/soundharya/.local/bin/bench clear-cache
2025-12-31 17:10:24,275 INFO /home/soundharya/.local/bin/bench restart
2025-12-31 18:00:01,694 INFO /home/soundharya/.local/bin/bench --verbose --site all backup
2026-01-02 12:00:01,282 INFO /home/soundharya/.local/bin/bench --verbose --site all backup
2026-01-02 16:21:40,634 INFO /home/soundharya/.local/bin/bench start
2026-01-02 16:21:40,634 WARNING Command not being executed in bench directory
2026-01-02 16:24:45,028 INFO /home/soundharya/.local/bin/bench setup redis
2026-01-02 16:24:45,028 WARNING Command not being executed in bench directory
2026-01-02 16:24:45,060 WARNING /home/soundharya/.local/bin/bench setup redis executed with exit code 1
2026-01-02 16:24:45,416 INFO /home/soundharya/.local/bin/bench setup config
2026-01-02 16:24:45,416 WARNING Command not being executed in bench directory
2026-01-02 16:24:45,767 INFO /home/soundharya/.local/bin/bench start
2026-01-02 16:25:03,646 INFO /home/soundharya/.local/bin/bench setup redis
2026-01-02 16:25:14,141 INFO /home/soundharya/.local/bin/bench setup config
2026-01-02 16:25:27,781 INFO /home/soundharya/.local/bin/bench start
2026-01-02 16:26:41,504 INFO /home/soundharya/.local/bin/bench start
2026-01-02 16:27:12,899 INFO /home/soundharya/.local/bin/bench start
2026-01-02 16:29:11,177 INFO /home/soundharya/.local/bin/bench setup requirements
2026-01-02 16:29:11,251 DEBUG uv pip install --quiet --upgrade pip --python /home/soundharya/todo/frappe-bench/env/env/bin/python
2026-01-02 16:29:24,046 INFO /home/soundharya/.local/bin/bench build
2026-01-02 16:30:04,067 INFO /home/soundharya/.local/bin/bench get-app frappe --branch version-15
2026-01-02 16:30:04,654 LOG Getting frappe
2026-01-02 16:30:04,654 DEBUG cd ./apps && git clone https://github.com/frappe/frappe.git --branch version-15 --depth 1 --origin upstream
2026-01-02 16:30:09,207 LOG Installing frappe
2026-01-02 16:30:09,275 DEBUG cd /home/soundharya/todo/frappe-bench && uv pip install --quiet --upgrade -e /home/soundharya/todo/frappe-bench/apps/frappe  --python /home/soundharya/todo/frappe-bench/env/env/bin/python
2026-01-02 16:30:10,794 DEBUG cd /home/soundharya/todo/frappe-bench/apps/frappe && yarn install --check-files
2026-01-02 16:30:14,951 DEBUG bench build --app frappe
2026-01-02 16:30:15,041 INFO /home/soundharya/.local/bin/bench build --app frappe
2026-01-02 16:30:41,296 INFO /home/soundharya/.local/bin/bench start
2026-01-02 16:30:41,497 INFO /home/soundharya/.local/bin/bench serve --port 8000
2026-01-02 16:30:41,547 INFO /home/soundharya/.local/bin/bench worker
2026-01-02 16:30:41,577 INFO /home/soundharya/.local/bin/bench watch
2026-01-02 16:30:41,613 INFO /home/soundharya/.local/bin/bench schedule
